// Jest Snapshot v1, https://goo.gl/fbAQLP

exports[`executeCode should catches error 1`] = `[Error: Test error]`;

exports[`executeCode should pass JSON serialized input data 1`] = `
[
  "[["Test","Test2"]]",
  "",
]
`;

exports[`executeCode should pass given input data to code context 1`] = `
[
  "Test",
  "",
]
`;
