// Jest Snapshot v1, https://goo.gl/fbAQLP

exports[`serialize should serializes data with json flag set 1`] = `"123"`;
