<!DOCTYPE html>
<html>
    <body>
        <div id="problem_title">__MOCKED__</div>
        <div id="problem_input">__MOCKED__</div>
        <div id="problem_output">__MOCKED__</div>
    </body>
</html>
