// Jest Snapshot v1, https://goo.gl/fbAQLP

exports[`LeetCode Provider should fetch problem information 1`] = `
{
  "description": "Given a string s containing just the characters '(', ')', '{', '}', '[' and ']', determine if the input string is valid.

An input string is valid if:

Open brackets must be closed by the same type of brackets.
Open brackets must be closed in the correct order.
Every close bracket has a corresponding open bracket of the same type.

Example 1:

Input: s = "()"
Output: true

Example 2:

Input: s = "()[]{}"
Output: true

Example 3:

Input: s = "(]"
Output: false

Constraints:

1 4
s consists of parentheses only '()[]{}'.",
  "id": "20",
  "initialCode": "function isValid(s: string): boolean {

};",
  "input": [
    [
      ""()"",
    ],
    [
      ""()[]{}"",
    ],
    [
      ""(]"",
    ],
  ],
  "output": [
    "true",
    "true",
    "false",
  ],
  "provider": null,
  "title": "Valid Parentheses",
}
`;
