<!DOCTYPE html>
<html>
    <body>
        <ul id="tab">
            <li>__MOCKED__</li>
        </ul>
        <div id="tour2">
            <div>
                <div class="guide-section">
                    <h5>입출력 예</h5>
                </div>
            </div>
        </div>
    </body>
</html>
