<!DOCTYPE html>
<html>
    <body>
        <ul id="tab">
            <li>__MOCKED__</li>
        </ul>
    </body>
</html>
