<!DOCTYPE html>
<html>
    <body>
        <ul id="tab">
            <li>__MOCKED__</li>
        </ul>
        <div id="tour2">
            <div>
                <div>__MOCKED__</div>
            </div>
        </div>
    </body>
</html>
