<!DOCTYPE html>
<html>
    <body>
        <div id="tour2">
            <div>
                <div>__MOCKED__</div>
            </div>
        </div>
    </body>
</html>
