<!DOCTYPE html>
<html>
    <body>
        <ul id="tab">
            <li>__MOCKED__</li>
        </ul>
        <div id="tour2">
            <div>
                <div class="guide-section">
                    <h5>입출력 예</h5>
                    <table class="table">
                        <thead>
                            <tr>
                                <th>rectangles</th>
                                <th>result</th>
                            </tr>
                        </thead>
                        <tbody>
                            <tr>
                                <td>[[0, 1, 4, 4], [3, 1, 5, 3]]</td>
                                <td>14</td>
                            </tr>
                            <tr>
                                <td>[[1, 1, 6, 5], [2, 0, 4, 2], [2, 4, 5, 7], [4, 3, 8, 6], [7, 5, 9, 7]]</td>
                                <td>38</td>
                            </tr>
                        </tbody>
                    </table>
                </div>
            </div>
        </div>
        <input type="hidden" name="initial_code_0" value="__MOCKED__" />
    </body>
</html>
